Starting project at C:\Users\USER\Documents\Coding\Games\Mtaa Quiz Battle
Starting Metro Bundler

warning: Bundler cache is empty, rebuilding (this may take a minute)
Waiting on http://localhost:8090
Logs for your project will appear below.
Web node_modules\expo-router\entry.js ░░░░░░░░░░░░░░░░  0.0% (0/1)
Web node_modules\expo-router\entry.js ▓▓░░░░░░░░░░░░░░ 16.0% ( 4/10)
λ node_modules\@expo\router-server\node\render.js ▓▓▓░░░░░░░░░░░░░ 20.3% (24/86)
Web node_modules\expo-router\entry.js ▓▓▓▓░░░░░░░░░░░░ 25.0% ( 5/10)
λ node_modules\@expo\router-server\node\render.js ▓▓▓░░░░░░░░░░░░░ 20.3% ( 87/207)
Web node_modules\expo-router\entry.js ▓▓▓▓░░░░░░░░░░░░ 25.0% ( 93/248)
λ node_modules\@expo\router-server\node\render.js ▓▓▓▓░░░░░░░░░░░░ 26.5% (243/472)
Web node_modules\expo-router\entry.js ▓▓▓▓░░░░░░░░░░░░ 25.0% (107/258)
λ node_modules\@expo\router-server\node\render.js ▓▓▓▓▓░░░░░░░░░░░ 33.2% (285/527)
Web node_modules\expo-router\entry.js ▓▓▓▓░░░░░░░░░░░░ 25.0% (107/258)
λ node_modules\@expo\router-server\node\render.js ▓▓▓▓▓░░░░░░░░░░░ 36.4% (332/550)
Web node_modules\expo-router\entry.js ▓▓▓▓░░░░░░░░░░░░ 25.0% (107/258)
λ node_modules\@expo\router-server\node\render.js ▓▓▓▓▓▓░░░░░░░░░░ 43.7% (420/667)
Web node_modules\expo-router\entry.js ▓▓▓▓░░░░░░░░░░░░ 25.0% (117/289)
λ node_modules\@expo\router-server\node\render.js ▓▓▓▓▓▓░░░░░░░░░░ 43.7% (469/743)
Web node_modules\expo-router\entry.js ▓▓▓▓░░░░░░░░░░░░ 26.2% (238/465)
λ node_modules\@expo\router-server\node\render.js ▓▓▓▓▓▓░░░░░░░░░░ 43.7% (469/743)
Web node_modules\expo-router\entry.js ▓▓▓▓▓░░░░░░░░░░░ 31.8% (277/491)
λ node_modules\@expo\router-server\node\render.js ▓▓▓▓▓▓▓░░░░░░░░░ 48.4% (622/919)
Web node_modules\expo-router\entry.js ▓▓▓▓▓▓▓░░░░░░░░░ 44.2% (381/573)
λ node_modules\@expo\router-server\node\render.js ▓▓▓▓▓▓▓▓░░░░░░░░ 53.9% ( 744/1013)
Web node_modules\expo-router\entry.js ▓▓▓▓▓▓▓▓░░░░░░░░ 50.9% (478/670)
λ node_modules\@expo\router-server\node\render.js ▓▓▓▓▓▓▓▓▓▓░░░░░░ 64.1% ( 830/1037)
Web node_modules\expo-router\entry.js ▓▓▓▓▓▓▓▓▓▓░░░░░░ 68.7% (638/777)
λ node_modules\@expo\router-server\node\render.js ▓▓▓▓▓▓▓▓▓▓▓▓▓░░░ 84.9% (1011/1097)
Web node_modules\expo-router\entry.js ▓▓▓▓▓▓▓▓▓▓▓░░░░░ 73.7% (829/986)
λ node_modules\@expo\router-server\node\render.js ▓▓▓▓▓▓▓▓▓▓▓▓▓▓░░ 93.4% (1136/1187)
Web node_modules\expo-router\entry.js ▓▓▓▓▓▓▓▓▓▓▓▓▓▓░░ 90.6% (1125/1182)
λ node_modules\@expo\router-server\node\render.js ▓▓▓▓▓▓▓▓▓▓▓▓▓▓▓░ 94.7% (1230/1264)
λ Bundled 54092ms node_modules\@expo\router-server\node\render.js (1297 modules)
Web Bundled 55243ms node_modules\expo-router\entry.js (1285 modules)
Web node_modules\expo-router\entry.js ░░░░░░░░░░░░░░░░  0.0% (0/1)
Web node_modules\expo-router\entry.js ▓▓▓▓▓▓░░░░░░░░░░ 39.2% (384/613)
Web node_modules\expo-router\entry.js ▓▓▓▓▓▓▓▓▓▓▓░░░░░ 70.6% (809/965)
Web node_modules\expo-router\entry.js ▓▓▓▓▓▓▓▓▓▓▓▓▓▓░░ 93.3% (1214/1257)
Web Bundled 11804ms node_modules\expo-router\entry.js (1286 modules)
 LOG  [web] Logs will appear in the browser console
λ Bundled 109ms node_modules\@expo\router-server\node\render.js (1 module)
λ Bundled 88ms node_modules\@expo\router-server\node\render.js (1 module)
Web node_modules\expo-router\entry.js ░░░░░░░░░░░░░░░░  0.0% (0/1)
Web node_modules\expo-router\entry.js ░░░░░░░░░░░░░░░░  0.0% (0/1)
Web Bundled 1820ms node_modules\expo-router\entry.js (1 module)
Web Bundled 1651ms node_modules\expo-router\entry.js (1 module)
Web node_modules\expo-router\entry.js ░░░░░░░░░░░░░░░░  0.0% (0/1)
λ Bundled 54ms node_modules\@expo\router-server\node\render.js (1 module)
Web Bundled 782ms node_modules\expo-router\entry.js (1 module)
Web Bundled 107ms node_modules\expo-router\entry.js (1 module)
 LOG  [web] Logs will appear in the browser console
λ Bundled 67ms node_modules\@expo\router-server\node\render.js (1 module)
λ Bundled 81ms node_modules\@expo\router-server\node\render.js (1 module)
Web node_modules\expo-router\entry.js ░░░░░░░░░░░░░░░░  0.0% (0/1)
Web node_modules\expo-router\entry.js ░░░░░░░░░░░░░░░░  0.0% (0/1)
Web Bundled 1553ms node_modules\expo-router\entry.js (1 module)
Web Bundled 1444ms node_modules\expo-router\entry.js (1 module)
